1. Removed Column not relevant DRIVER STANDING EXT, Is there a way to do this in oracle?